[hrh.name/hypermedia/index.html]
[backblue.gif]
[fade.gif]
[index.html]
[hrh.name/hypermedia/js/main.js]
[hrh.name/hypermedia/images/logo.png]
[hrh.name/hypermedia/index-2.html]
[hrh.name/hypermedia/innovation.html]
[hrh.name/hypermedia/group.html]
[hrh.name/hypermedia/devices.html]
[hrh.name/hypermedia/sl.html]
[hrh.name/hypermedia/assist.html]
[hrh.name/hypermedia/images/1.jpg]
[hrh.name/hypermedia/images/2.jpg]
[hrh.name/hypermedia/index.html]
[hrh.name/hypermedia/index-2.html]
[hrh.name/hypermedia/images/3.jpg]
[hrh.name/hypermedia/testimonials.html]
[hrh.name/hypermedia/projects.html]
[hrh.name/hypermedia/innovation.html]
[hrh.name/hypermedia/images/4.jpg]
[hrh.name/hypermedia/news.html]
[hrh.name/hypermedia/governance.html]
[hrh.name/hypermedia/business.html]
[hrh.name/hypermedia/investors.html]
[hrh.name/hypermedia/group.html]
[hrh.name/hypermedia/images/7.png]
[hrh.name/hypermedia/devices9602.html]
[hrh.name/hypermedia/devices7a81.html]
[hrh.name/hypermedia/images/smart.png]
[hrh.name/hypermedia/devices9297.html]
[hrh.name/hypermedia/images/tablet.png]
[hrh.name/hypermedia/devicesdb58.html]
[hrh.name/hypermedia/images/modem.png]
[hrh.name/hypermedia/devices3eca.html]
[hrh.name/hypermedia/images/tv.png]
[hrh.name/hypermedia/devicesaa07.html]
[hrh.name/hypermedia/images/outlet.png]
[hrh.name/hypermedia/images/lg-g5-titan.png]
[hrh.name/hypermedia/device681a.html]
[hrh.name/hypermedia/devices.html]
[hrh.name/hypermedia/sl9602.html]
[hrh.name/hypermedia/sl7a81.html]
[hrh.name/hypermedia/images/sltv.png]
[hrh.name/hypermedia/sl9297.html]
[hrh.name/hypermedia/images/health.png]
[hrh.name/hypermedia/sldb58.html]
[hrh.name/hypermedia/images/slhome.png]
[hrh.name/hypermedia/sl3eca.html]
[hrh.name/hypermedia/images/personal.png]
[hrh.name/hypermedia/images/logo_tim_music.jpg]
[hrh.name/hypermedia/sl.html]
[hrh.name/hypermedia/onesl681a.html]
[hrh.name/hypermedia/assist8993.html]
[hrh.name/hypermedia/assist7a81.html]
[hrh.name/hypermedia/assist9297.html]
[hrh.name/hypermedia/images/pay.png]
[hrh.name/hypermedia/assistdb58.html]
[hrh.name/hypermedia/images/texh.png]
[hrh.name/hypermedia/assist3eca.html]
[hrh.name/hypermedia/images/sl.png]
[hrh.name/hypermedia/assist.html]
[hrh.name/hypermedia/oneassist681a.html]
[hrh.name/hypermedia/testimonials.html]
[hrh.name/hypermedia/images/5.jpg]
[hrh.name/hypermedia/testemonials.php]
[hrh.name/hypermedia/projects.html]
[hrh.name/hypermedia/images/6.jpg]
[hrh.name/hypermedia/images/8.png]
[hrh.name/hypermedia/news.html]
[hrh.name/hypermedia/images/9.jpg]
[hrh.name/hypermedia/images/image-giugno2016eng.jpg]
[hrh.name/hypermedia/governance.html]
[hrh.name/hypermedia/_/etc/designs/ti-rwd/cmn/v4/img/layout/article-list-dot-red.3b.delayed]
[hrh.name/hypermedia/business.html]
[hrh.name/hypermedia/investors.html]
[hrh.name/hypermedia/devices9e94.html]
[hrh.name/hypermedia/devices4901.html]
[hrh.name/hypermedia/devices4f25.html]
[hrh.name/hypermedia/devices2692.html]
[hrh.name/hypermedia/devices9602.html]
[hrh.name/hypermedia/devices8975.html]
[hrh.name/hypermedia/devices7a81.html]
[hrh.name/hypermedia/devices9297.html]
[hrh.name/hypermedia/devicesdb58.html]
[hrh.name/hypermedia/devices3eca.html]
[hrh.name/hypermedia/devicesaa07.html]
[hrh.name/hypermedia/device681a.html]
[hrh.name/hypermedia/sl9e94.html]
[hrh.name/hypermedia/sl4901.html]
[hrh.name/hypermedia/sl4f25.html]
[hrh.name/hypermedia/sl9602.html]
[hrh.name/hypermedia/sl2692.html]
[hrh.name/hypermedia/sl7a81.html]
[hrh.name/hypermedia/sl9297.html]
[hrh.name/hypermedia/sldb58.html]
[hrh.name/hypermedia/sl3eca.html]
[hrh.name/hypermedia/onesl681a.html]
[hrh.name/hypermedia/assist34b6.html]
[hrh.name/hypermedia/assist906f.html]
[hrh.name/hypermedia/assist11b5.html]
[hrh.name/hypermedia/assist8993.html]
[hrh.name/hypermedia/assist18d2.html]
[hrh.name/hypermedia/assist7a81.html]
[hrh.name/hypermedia/assist9297.html]
[hrh.name/hypermedia/assistdb58.html]
[hrh.name/hypermedia/assist3eca.html]
[hrh.name/hypermedia/oneassist681a.html]
[hrh.name/hypermedia/testemonials.html]
[hrh.name/hypermedia/_/etc/designs/ti-rwd/cmn/v4/img/layout/article-list-dot-red.html]
[hrh.name/hypermedia/devices9e94.html]
[hrh.name/hypermedia/devices4901.html]
[hrh.name/hypermedia/devices4f25.html]
[hrh.name/hypermedia/devices2692.html]
[hrh.name/hypermedia/devices8975.html]
[hrh.name/hypermedia/sl9e94.html]
[hrh.name/hypermedia/sl4901.html]
[hrh.name/hypermedia/sl4f25.html]
[hrh.name/hypermedia/sl2692.html]
[hrh.name/hypermedia/assist34b6.html]
[hrh.name/hypermedia/assist906f.html]
[hrh.name/hypermedia/assist11b5.html]
[hrh.name/hypermedia/assist18d2.html]
[hrh.name/hypermedia/css/main.css]
[hrh.name/hypermedia/index-2.html]
[hrh.name/hypermedia/testimonials.html]
[hrh.name/hypermedia/news.html]
[hrh.name/hypermedia/devices9297.html]
[hrh.name/hypermedia/devicesdb58.html]
[hrh.name/hypermedia/devices3eca.html]
[hrh.name/hypermedia/devicesaa07.html]
[hrh.name/hypermedia/device681a.html]
[hrh.name/hypermedia/sl9297.html]
[hrh.name/hypermedia/sldb58.html]
[hrh.name/hypermedia/sl3eca.html]
[hrh.name/hypermedia/onesl681a.html]
[hrh.name/hypermedia/assistdb58.html]
[hrh.name/hypermedia/assist3eca.html]
[hrh.name/hypermedia/oneassist681a.html]
[hrh.name/hypermedia/testemonials.html]
[hrh.name/hypermedia/_/etc/designs/ti-rwd/cmn/v4/img/layout/article-list-dot-red.html]
